// Jest Snapshot v1, https://goo.gl/fbAQLP

exports[`:signup [POST /auth/signup] Should fail signup (email exists) 1`] = `
Object {
  "error": Object {
    "code": "auth/email-already-exists",
    "message": "The email address is already in use by another account.",
  },
}
`;

exports[`:signup [POST /auth/signup] Should fail signup (no password) 1`] = `
Object {
  "error": Object {
    "errors": Array [
      Object {
        "field": Array [
          "password",
        ],
        "location": "body",
        "messages": Array [
          "\\"password\\" is required",
        ],
        "types": Array [
          "any.required",
        ],
      },
    ],
    "status": 400,
    "statusText": "Payload Validation Error",
  },
}
`;

exports[`:signup [POST /auth/signup] Should signup 1`] = `
Object {
  "email": "test1@test.com",
  "firstName": "name",
  "lastName": "name",
  "password": "password",
}
`;
